2026-06-05 02:11:18,277 | PREPROCESS;VOLUME=30;CANDIDATES=16;TIME=0.002844
2026-06-05 02:11:18,281 | CSP_GENERATION;VOLUME=30;CANDIDATES=16;GENERATED=680
2026-06-05 02:11:18,288 | CSP_HEURISTIC;GENERATED=680;SELECTED=680
2026-06-05 02:11:18,415 | CSP_SOLVE;VOLUME=30;CANDIDATES=16;COMBINATIONS=680;SOLUTIONS=12;TIME=0.133711
2026-06-05 02:11:18,419 | TOTAL_RUN;VOLUME=30;CANDIDATES=16;SOLUTIONS=12;RANKED=12;TIME=0.144624
2026-06-05 02:11:23,255 | PREPROCESS;VOLUME=35;CANDIDATES=16;TIME=0.002098
2026-06-05 02:11:23,256 | CSP_GENERATION;VOLUME=35;CANDIDATES=16;GENERATED=680
2026-06-05 02:11:23,260 | CSP_HEURISTIC;GENERATED=680;SELECTED=680
2026-06-05 02:11:23,502 | CSP_SOLVE;VOLUME=35;CANDIDATES=16;COMBINATIONS=680;SOLUTIONS=33;TIME=0.245875
2026-06-05 02:11:23,509 | TOTAL_RUN;VOLUME=35;CANDIDATES=16;SOLUTIONS=33;RANKED=33;TIME=0.255888
2026-06-05 02:11:27,943 | PREPROCESS;VOLUME=40;CANDIDATES=26;TIME=0.003092
2026-06-05 02:11:27,946 | CSP_GENERATION;VOLUME=40;CANDIDATES=26;GENERATED=2925
2026-06-05 02:11:27,971 | CSP_HEURISTIC;GENERATED=2925;SELECTED=1000
2026-06-05 02:11:28,358 | CSP_SOLVE;VOLUME=40;CANDIDATES=26;COMBINATIONS=1000;SOLUTIONS=38;TIME=0.413522
2026-06-05 02:11:28,373 | TOTAL_RUN;VOLUME=40;CANDIDATES=26;SOLUTIONS=38;RANKED=38;TIME=0.432821
2026-06-05 02:11:31,080 | PREPROCESS;VOLUME=45;CANDIDATES=26;TIME=0.005719
2026-06-05 02:11:31,081 | CSP_GENERATION;VOLUME=45;CANDIDATES=26;GENERATED=2925
2026-06-05 02:11:31,102 | CSP_HEURISTIC;GENERATED=2925;SELECTED=1000
2026-06-05 02:11:31,595 | CSP_SOLVE;VOLUME=45;CANDIDATES=26;COMBINATIONS=1000;SOLUTIONS=68;TIME=0.514800
2026-06-05 02:11:31,613 | TOTAL_RUN;VOLUME=45;CANDIDATES=26;SOLUTIONS=68;RANKED=50;TIME=0.539388
2026-06-05 02:11:34,901 | PREPROCESS;VOLUME=50;CANDIDATES=26;TIME=0.003171
2026-06-05 02:11:34,903 | CSP_GENERATION;VOLUME=50;CANDIDATES=26;GENERATED=2925
2026-06-05 02:11:34,923 | CSP_HEURISTIC;GENERATED=2925;SELECTED=1000
2026-06-05 02:11:35,456 | CSP_SOLVE;VOLUME=50;CANDIDATES=26;COMBINATIONS=1000;SOLUTIONS=93;TIME=0.553633
2026-06-05 02:11:35,476 | TOTAL_RUN;VOLUME=50;CANDIDATES=26;SOLUTIONS=93;RANKED=50;TIME=0.578079
2026-06-05 02:11:37,259 | PREPROCESS;VOLUME=55;CANDIDATES=62;TIME=0.004153
2026-06-05 02:11:37,267 | CSP_GENERATION;VOLUME=55;CANDIDATES=62;GENERATED=39711
2026-06-05 02:11:37,522 | CSP_HEURISTIC;GENERATED=39711;SELECTED=1000
2026-06-05 02:11:38,308 | CSP_SOLVE;VOLUME=55;CANDIDATES=62;COMBINATIONS=1000;SOLUTIONS=214;TIME=1.046953
2026-06-05 02:11:38,424 | TOTAL_RUN;VOLUME=55;CANDIDATES=62;SOLUTIONS=214;RANKED=50;TIME=1.168838
2026-06-05 02:11:41,606 | PREPROCESS;VOLUME=60;CANDIDATES=65;TIME=0.002786
2026-06-05 02:11:41,617 | CSP_GENERATION;VOLUME=60;CANDIDATES=65;GENERATED=45760
2026-06-05 02:11:41,889 | CSP_HEURISTIC;GENERATED=45760;SELECTED=1000
2026-06-05 02:11:43,047 | CSP_SOLVE;VOLUME=60;CANDIDATES=65;COMBINATIONS=1000;SOLUTIONS=320;TIME=1.441335
2026-06-05 02:11:43,170 | TOTAL_RUN;VOLUME=60;CANDIDATES=65;SOLUTIONS=320;RANKED=50;TIME=1.566770
2026-06-05 02:11:47,152 | PREPROCESS;VOLUME=65;CANDIDATES=65;TIME=0.002394
2026-06-05 02:11:47,160 | CSP_GENERATION;VOLUME=65;CANDIDATES=65;GENERATED=45760
2026-06-05 02:11:47,479 | CSP_HEURISTIC;GENERATED=45760;SELECTED=1000
2026-06-05 02:11:48,927 | CSP_SOLVE;VOLUME=65;CANDIDATES=65;COMBINATIONS=1000;SOLUTIONS=417;TIME=1.774100
2026-06-05 02:11:49,165 | TOTAL_RUN;VOLUME=65;CANDIDATES=65;SOLUTIONS=417;RANKED=50;TIME=2.015261
2026-06-05 02:11:52,860 | PREPROCESS;VOLUME=70;CANDIDATES=78;TIME=0.006004
2026-06-05 02:11:52,877 | CSP_GENERATION;VOLUME=70;CANDIDATES=78;GENERATED=79079
2026-06-05 02:11:53,393 | CSP_HEURISTIC;GENERATED=79079;SELECTED=1000
2026-06-05 02:11:54,717 | CSP_SOLVE;VOLUME=70;CANDIDATES=78;COMBINATIONS=1000;SOLUTIONS=620;TIME=1.856900
2026-06-05 02:11:54,933 | TOTAL_RUN;VOLUME=70;CANDIDATES=78;SOLUTIONS=620;RANKED=50;TIME=2.079241
2026-06-05 02:12:01,985 | PREPROCESS;VOLUME=75;CANDIDATES=86;TIME=0.004447
2026-06-05 02:12:02,014 | CSP_GENERATION;VOLUME=75;CANDIDATES=86;GENERATED=105995
2026-06-05 02:12:02,751 | CSP_HEURISTIC;GENERATED=105995;SELECTED=1000
2026-06-05 02:12:04,346 | CSP_SOLVE;VOLUME=75;CANDIDATES=86;COMBINATIONS=1000;SOLUTIONS=858;TIME=2.360182
2026-06-05 02:12:04,567 | TOTAL_RUN;VOLUME=75;CANDIDATES=86;SOLUTIONS=858;RANKED=50;TIME=2.586204
2026-06-05 02:12:07,610 | PREPROCESS;VOLUME=80;CANDIDATES=92;TIME=0.004788
2026-06-05 02:12:07,641 | CSP_GENERATION;VOLUME=80;CANDIDATES=92;GENERATED=129766
2026-06-05 02:12:08,665 | CSP_HEURISTIC;GENERATED=129766;SELECTED=1000
2026-06-05 02:12:09,384 | CSP_SOLVE;VOLUME=80;CANDIDATES=92;COMBINATIONS=1000;SOLUTIONS=1000;TIME=1.772927
2026-06-05 02:12:09,733 | TOTAL_RUN;VOLUME=80;CANDIDATES=92;SOLUTIONS=1000;RANKED=50;TIME=2.126967
2026-06-05 02:12:13,754 | PREPROCESS;VOLUME=85;CANDIDATES=95;TIME=0.003736
2026-06-05 02:12:13,787 | CSP_GENERATION;VOLUME=85;CANDIDATES=95;GENERATED=142880
2026-06-05 02:12:14,780 | CSP_HEURISTIC;GENERATED=142880;SELECTED=1000
2026-06-05 02:12:15,883 | CSP_SOLVE;VOLUME=85;CANDIDATES=95;COMBINATIONS=1000;SOLUTIONS=1000;TIME=2.128103
2026-06-05 02:12:16,186 | TOTAL_RUN;VOLUME=85;CANDIDATES=95;SOLUTIONS=1000;RANKED=50;TIME=2.435060
2026-06-05 02:12:19,021 | PREPROCESS;VOLUME=90;CANDIDATES=96;TIME=0.002991
2026-06-05 02:12:19,052 | CSP_GENERATION;VOLUME=90;CANDIDATES=96;GENERATED=147440
2026-06-05 02:12:20,270 | CSP_HEURISTIC;GENERATED=147440;SELECTED=1000
2026-06-05 02:12:21,870 | CSP_SOLVE;VOLUME=90;CANDIDATES=96;COMBINATIONS=1000;SOLUTIONS=1000;TIME=2.849207
2026-06-05 02:12:22,264 | TOTAL_RUN;VOLUME=90;CANDIDATES=96;SOLUTIONS=1000;RANKED=50;TIME=3.246629
2026-06-05 02:12:25,487 | PREPROCESS;VOLUME=95;CANDIDATES=96;TIME=0.006283
2026-06-05 02:12:25,523 | CSP_GENERATION;VOLUME=95;CANDIDATES=96;GENERATED=147440
2026-06-05 02:12:26,687 | CSP_HEURISTIC;GENERATED=147440;SELECTED=1000
2026-06-05 02:12:28,370 | CSP_SOLVE;VOLUME=95;CANDIDATES=96;COMBINATIONS=1000;SOLUTIONS=1000;TIME=2.882049
2026-06-05 02:12:28,644 | TOTAL_RUN;VOLUME=95;CANDIDATES=96;SOLUTIONS=1000;RANKED=50;TIME=3.163446
2026-06-05 02:12:31,410 | PREPROCESS;VOLUME=100;CANDIDATES=100;TIME=0.007498
2026-06-05 02:12:31,448 | CSP_GENERATION;VOLUME=100;CANDIDATES=100;GENERATED=166650
2026-06-05 02:12:32,727 | CSP_HEURISTIC;GENERATED=166650;SELECTED=1000
2026-06-05 02:12:33,706 | CSP_SOLVE;VOLUME=100;CANDIDATES=100;COMBINATIONS=1000;SOLUTIONS=1000;TIME=2.296137
2026-06-05 02:12:33,979 | TOTAL_RUN;VOLUME=100;CANDIDATES=100;SOLUTIONS=1000;RANKED=50;TIME=2.577314
2026-06-05 02:12:39,132 | PREPROCESS;VOLUME=105;CANDIDATES=100;TIME=0.004342
2026-06-05 02:12:39,166 | CSP_GENERATION;VOLUME=105;CANDIDATES=100;GENERATED=166650
2026-06-05 02:12:40,397 | CSP_HEURISTIC;GENERATED=166650;SELECTED=1000
2026-06-05 02:12:41,357 | CSP_SOLVE;VOLUME=105;CANDIDATES=100;COMBINATIONS=1000;SOLUTIONS=1000;TIME=2.224985
2026-06-05 02:12:41,624 | TOTAL_RUN;VOLUME=105;CANDIDATES=100;SOLUTIONS=1000;RANKED=50;TIME=2.496882
2026-06-05 02:12:45,418 | PREPROCESS;VOLUME=110;CANDIDATES=100;TIME=0.005565
2026-06-05 02:12:45,464 | CSP_GENERATION;VOLUME=110;CANDIDATES=100;GENERATED=166650
2026-06-05 02:12:46,850 | CSP_HEURISTIC;GENERATED=166650;SELECTED=1000
2026-06-05 02:12:47,693 | CSP_SOLVE;VOLUME=110;CANDIDATES=100;COMBINATIONS=1000;SOLUTIONS=1000;TIME=2.273669
2026-06-05 02:12:47,987 | TOTAL_RUN;VOLUME=110;CANDIDATES=100;SOLUTIONS=1000;RANKED=50;TIME=2.574253
2026-06-05 02:12:51,748 | PREPROCESS;VOLUME=115;CANDIDATES=100;TIME=0.004218
2026-06-05 02:12:51,788 | CSP_GENERATION;VOLUME=115;CANDIDATES=100;GENERATED=166650
2026-06-05 02:12:53,246 | CSP_HEURISTIC;GENERATED=166650;SELECTED=1000
2026-06-05 02:12:54,007 | CSP_SOLVE;VOLUME=115;CANDIDATES=100;COMBINATIONS=1000;SOLUTIONS=1000;TIME=2.258785
2026-06-05 02:12:54,285 | TOTAL_RUN;VOLUME=115;CANDIDATES=100;SOLUTIONS=1000;RANKED=50;TIME=2.541628
2026-06-05 02:12:57,541 | PREPROCESS;VOLUME=120;CANDIDATES=100;TIME=0.004947
2026-06-05 02:12:57,576 | CSP_GENERATION;VOLUME=120;CANDIDATES=100;GENERATED=166650
2026-06-05 02:12:58,801 | CSP_HEURISTIC;GENERATED=166650;SELECTED=1000
2026-06-05 02:12:59,436 | CSP_SOLVE;VOLUME=120;CANDIDATES=100;COMBINATIONS=1000;SOLUTIONS=1000;TIME=1.893418
2026-06-05 02:12:59,727 | TOTAL_RUN;VOLUME=120;CANDIDATES=100;SOLUTIONS=1000;RANKED=50;TIME=2.190652
2026-06-05 02:13:04,290 | PREPROCESS;VOLUME=125;CANDIDATES=100;TIME=0.009068
2026-06-05 02:13:04,336 | CSP_GENERATION;VOLUME=125;CANDIDATES=100;GENERATED=166650
2026-06-05 02:13:05,613 | CSP_HEURISTIC;GENERATED=166650;SELECTED=1000
2026-06-05 02:13:06,399 | CSP_SOLVE;VOLUME=125;CANDIDATES=100;COMBINATIONS=1000;SOLUTIONS=1000;TIME=2.107789
2026-06-05 02:13:06,693 | TOTAL_RUN;VOLUME=125;CANDIDATES=100;SOLUTIONS=1000;RANKED=50;TIME=2.411724
2026-06-05 02:13:10,065 | PREPROCESS;VOLUME=130;CANDIDATES=100;TIME=0.004119
2026-06-05 02:13:10,100 | CSP_GENERATION;VOLUME=130;CANDIDATES=100;GENERATED=166650
2026-06-05 02:13:11,385 | CSP_HEURISTIC;GENERATED=166650;SELECTED=1000
2026-06-05 02:13:11,828 | CSP_SOLVE;VOLUME=130;CANDIDATES=100;COMBINATIONS=1000;SOLUTIONS=1000;TIME=1.762636
2026-06-05 02:13:12,171 | TOTAL_RUN;VOLUME=130;CANDIDATES=100;SOLUTIONS=1000;RANKED=50;TIME=2.110219
2026-06-05 02:13:15,493 | PREPROCESS;VOLUME=135;CANDIDATES=100;TIME=0.007158
2026-06-05 02:13:15,530 | CSP_GENERATION;VOLUME=135;CANDIDATES=100;GENERATED=166650
2026-06-05 02:13:16,795 | CSP_HEURISTIC;GENERATED=166650;SELECTED=1000
2026-06-05 02:13:17,181 | CSP_SOLVE;VOLUME=135;CANDIDATES=100;COMBINATIONS=1000;SOLUTIONS=1000;TIME=1.687049
2026-06-05 02:13:17,463 | TOTAL_RUN;VOLUME=135;CANDIDATES=100;SOLUTIONS=1000;RANKED=50;TIME=1.976814
2026-06-05 02:13:20,215 | PREPROCESS;VOLUME=140;CANDIDATES=100;TIME=0.005091
2026-06-05 02:13:20,254 | CSP_GENERATION;VOLUME=140;CANDIDATES=100;GENERATED=166650
2026-06-05 02:13:21,544 | CSP_HEURISTIC;GENERATED=166650;SELECTED=1000
2026-06-05 02:13:22,017 | CSP_SOLVE;VOLUME=140;CANDIDATES=100;COMBINATIONS=1000;SOLUTIONS=1000;TIME=1.800880
2026-06-05 02:13:22,318 | TOTAL_RUN;VOLUME=140;CANDIDATES=100;SOLUTIONS=1000;RANKED=50;TIME=2.107404
